../Drivers/STM32G4xx_HAL_Driver/Src/stm32g4xx_hal_timebase_tim_template.c:72:19:HAL_InitTick	64	static
../Drivers/STM32G4xx_HAL_Driver/Src/stm32g4xx_hal_timebase_tim_template.c:158:6:HAL_SuspendTick	4	static
../Drivers/STM32G4xx_HAL_Driver/Src/stm32g4xx_hal_timebase_tim_template.c:170:6:HAL_ResumeTick	4	static
../Drivers/STM32G4xx_HAL_Driver/Src/stm32g4xx_hal_timebase_tim_template.c:187:6:HAL_TIM_PeriodElapsedCallback	16	static
../Drivers/STM32G4xx_HAL_Driver/Src/stm32g4xx_hal_timebase_tim_template.c:201:6:TIM6_DAC_IRQHandler	8	static
