../Src/ecg_acquisition.c:32:16:ADS_ReadReg	32	static
../Src/ecg_acquisition.c:43:13:ADS_SendCmd	16	static
../Src/ecg_acquisition.c:51:13:ADS_WriteReg	24	static
../Src/ecg_acquisition.c:67:13:LCD_DrawHLine	32	static
../Src/ecg_acquisition.c:71:13:LCD_DrawVLine	40	static
../Src/ecg_acquisition.c:76:6:ECG_Init	16	static
../Src/ecg_acquisition.c:120:6:ECG_Start	8	static
../Src/ecg_acquisition.c:130:6:ECG_Stop	8	static
../Src/ecg_acquisition.c:135:9:ECG_ReadData	48	static
../Src/ecg_acquisition.c:163:16:ECG_ScaleToY	24	static
../Src/ecg_acquisition.c:174:6:ECG_DisplayWaveform	24	static
../Src/ecg_acquisition.c:187:6:ECG_Run	88	static
