../Src/ili9488.c:132:13:LCD_SPI_Init	48	static
../Src/ili9488.c:198:13:LCD_Send	16	static
../Src/ili9488.c:208:13:LCD_WriteCmd	16	static
../Src/ili9488.c:224:6:LCD_Backlight_On	8	static
../Src/ili9488.c:228:6:LCD_Backlight_Off	8	static
../Src/ili9488.c:234:6:LCD_RGB565_To_RGB666	16	static
../Src/ili9488.c:245:6:LCD_Init	104	static
../Src/ili9488.c:374:13:LCD_SetWindow	32	static
../Src/ili9488.c:392:6:LCD_FillRect	232	static
../Src/ili9488.c:428:6:LCD_DrawPixel	24	static
../Src/ili9488.c:447:6:LCD_FillScreen	24	static
../Src/ili9488.c:457:6:LCD_DrawChar	48	static
../Src/ili9488.c:485:6:LCD_DrawString	48	static
../Src/ili9488.c:512:13:u8_to_hex	48	static
../Src/ili9488.c:524:13:u32_to_dec	40	static
../Src/ili9488.c:545:6:LCD_ShowTesting	16	static
../Src/ili9488.c:563:6:LCD_ShowTestResult	56	static
